
## C++

- C++ es un lenguaje de proposito general
- Fue creado como una extensión de C. Es básicamente C con clases.
- 1985
- C es el sucesor de B, nacio en 1972
- Fue creado para construir utilidades de UNIX
- Permite trabajar con progra orientada a objetos, pero permite tambien manipular la memoria a bajo nivel. 
- A diferencia de lenguajes como python y javascript, no hay una mejor práctica. Simplemente tiene muchos años de experiencia. 
- Algunas personas lo hacen de una manera, otras lo hacen de otra
- No pueden venir y buscar en google la mejor manera.
- Esta es mi manera de hacerlo. Es una de las maneras más comunes de cómo se trabaja en linux. 
  - https://www.youtube.com/watch?v=gGxi500Q5uE
- Hello world
```
#include <iostream>

int main() {
    std::cout << "Hello World!" << std::endl;
    return 0;
}
```
- Esto es un makefile
```
default:
    g++ src/main.cpp -o a.out
```
- Sin embargo, para proyectos grandes hacer makefiles se llega a poner muy complejos.  
- Esto es porque c++ maneja sus librerías de una manera un poco distinta a lo que quizá estén acostumbrados. Recuerden que este es el lenguaje para crear sistemas operativos por exelencia. 
```
$ ls /usr/lib
```
- Con el tiempo, se creo una utilidad que construye makefiles CMake
- Creemos un folder para el src y un folder donde vamos a guardar el codigo compilado
- No usen un solo folder. Alguna gente lo hace, pero es horrible. 
- Todo esto les va a parecer muy familiar, en especial a los que tengan más experiencia con múltiples lenguajes. Esto va a pasar mucho mientras aprendamos más sobre C, porque C++ es la base de los lenguajes más modernos. Es como aprender latin.
```
$ nano CMakeLists.txt
``` 
```
cmake_minimum_required(VERSION 3.23)

project(SampleP VERSION 1.0)

add_executable(SampleE src/main.cpp)
``` 
```
$ cmake -S . -B build/
```
- Despues ya podemos ir al folder build, y hacer make
- A primera vista se ve más complejo, pero a la larga ahorra un monton de tiempo.
- Podemos crear scripts para que nos ayuden
```
$ nano configure.sh

#! /bin/sh
cmake -S . -B build
```
```
$ nano build.sh

#! /bin/sh

cd build ; make
``` 
```
$ nano run.sh

#! /bin/sh

./configure.sh ; ./build.sh ; ./build/SampleE
``` 
```
$ nano clean.sh

#! /bin/sh

rm -rf build ; mkdir build
``` 
- Hagamos una librería
```
$ mkdir Math
$ touch math.cpp
$ touch math.h
```
- Recuerden que en C++, se agregó a un lenguaje el soporte de objetos. Estos viven en un archivo aparte que usamos como una interfaz. Como un acuerdo. Si tenemos un header, podemos importar la libreria compilada. 
```
// math.h
float add(float a, float b);
```

```
// math.cpp
#include "math.h"

float add(float a, float b)
{
  return (a + b);
}
```

```
// CMakeLists.txt

add_library(math math.cpp)
```

- En el makefile de nuestro programa principal, podemos debemos decirle que linkee la libreria
```
cmake_minimum_required(VERSION 3.23)

project(SampleP VERSION 1.0)

add_executable(SampleE src/main.cpp)

add_subdirectory(src/Math)

target_include_directories(SampleE PUBLIC src/Math)

target_link_directories(SampleE PRIVATE src/Math)

target_link_libraries(SampleE math
```

```
#include <iostream>	
#include <math.h>

// #include "Math/math.h"
// #include "math.cpp"
// float add(float a, float b);

int main(int argc, const char * argv[]) {
    std::cout << "Hello World!" << std::endl;
    std::cout << add(1.1f, 2.2f) << std::endl;
    return 0;
} 
```

- Como podemos usar librerias externas?
- En la clase pasada les mencione que habian ya muchas librerias open source que podemos usar. Esta es una manera en la que las podemos usar. 
- Digamos por ejemplo, glfw. 

- https://github.com/glfw/glfw.git

```
$ git init
...
$ mkdir external
$ git submodule add https://github.com/glfw/glfw.git external
```

```
cmake_minimum_required(VERSION 3.23)

project(SampleP VERSION 1.0)

add_executable(SampleE src/main.cpp)

add_subdirectory(src/Math)
add_subdirectory(external/glfw)

target_include_directories(SampleE
  PUBLIC src/Math
  PUBLIC external/glfw/src
)

target_link_directories(SampleE
  PRIVATE src/Math
  PRIVATE external/glfw/src
)

target_link_libraries(SampleE
  math
  glfw
)
```

- Ejemplo de options

```
// En el CMake de glfw
option(GLFW_BUILD_DOCS "Build the GLFW documentation" ON)
```
```
// configure.sh

#! /bin/sh
cmake -DGLFW_BUILD_DOCS=OFF -S . -B build
```
```
git submodule update --recursive
```

## Direcciones en C++

Para entender los punteros, necesitamos entender cómo guardan data las computadoras. Cuadno creamos una variable en nuestro programa, se le asigna algo de espacio en la memoria de la computadora. Este valor está guardado en en una dirección asignada. 

Si queremos saber la dirección de memoria en la que está guardada la variable, podemos usar el operador de referencia:

&

```
int x = 3;
std::cout << &x << std::endl;
```

Podemos declarar punteros explicitamente, usando la sintaxis *
```
int x = 3;
int* pX = &x;
std::cout << pX << std::endl;
```
Ahora, lo que hace confuso el manejo de punteros en c++, es que existe un operador que se llama el operador de de-referecia que nos retorna el valor al que este numero en la memoria apunta:
```
int x = 3;
int* pX = &x;
std::cout << *pX << std::endl;
```
Como nos puede ayudar este conocimiento a mejorar nuestro codigo?

```
int score = 0;
int hiScore = 10;
 
// Declare 2 pointers to hold the addresses of ints
int* pIntPointer1;
int* pIntPointer2;
 
// Initialize pIntPointer1 to hold the address of score
pIntPointer1 = &score;
 
// Initialize pIntPointer2 to hold the address of hiScore
pIntPointer2 = &hiScore;
 
// Add 10 to score directly
score += 10;
// Score now equals 10
 
// Add 10 to score using pIntPointer1
*pIntPointer1 += 10;
// score now equals 20- A new high score
 
// Assign the new hi score to hiScore using only pointers
*pIntPointer2 = *pIntPointer1;
// hiScore and score both equal 20
```
Sin embargo, estar moviendo direcciones de memoria y reusandolas, puede causar muchos problemas. 

Segmentation Fault. 

Entonces se creo un nuevo concepto, una referencia. 

A reference is a name constant for an address. You need to initialise the reference during declaration. int & iRef; // Error: ‘iRef’ declared as reference but not initialised.

You must initialize a reference to an existing object.
Once initialized, it can not refer to a different object.
You can not manipulate a reference as an independent entity. They are simply a different name for an existing object.

```
int x = 3;
int* pX = &x;
int& rX = x;
x = 4;
std::cout << rX << std::endl;
```

So, if a reference is simply another name for an existing object, why go through the trouble of using them?

The answer is that references provide a simpler syntax than pointers. When using pointers, you need to deal with passing an address and dereferencing a pointer. With references, the compiler takes care of these details for you.

```
int add(int &a){
    int b=a+1; //2. No need to dereference the variable being passed
    a=5; //3. No need to use dereference when you modify the variable
    return b;
}
```

## Ejemplos de punteros:
```
int main() {
	int *ip;
	int arr[] = { 10, 34, 13, 76, 5, 46 };
	ip = arr;
	for (int x = 0; x < 6; x++) {
		cout << *ip << endl;
		ip++;
	}
	return 0;
}
```

// references in parameters

In pass-by-value, a clone is made and passed into the function. The caller’s copy cannot be modified.
In pass-by-reference, a pointer is passed into the function. The caller’s copy could be modified inside the function.
In pass-by-reference with reference arguments, you use the variable name as the argument.
In pass-by-reference with pointer arguments, you need to use &varName (an address) as the argument.

A quick analogy about pointers. If a variable is a house and its contents are the value it holds, then a pointer is the address of the house. Using this analogy, when we pass values to or return values from a function, we are actually making a new house the exact same as the previous one (except when we use a reference).

##
Advantages of using Pointers
Here, are pros/benefits of using Pointers

Pointers are variables which store the address of other variables in C++.
More than one variable can be modified and returned by function using pointers.
Memory can be dynamically allocated and de-allocated using pointers.
Pointers help in simplifying the complexity of the program.
The execution speed of a program improves by using pointers.
Summary:
A pointer refers to a variable holding address of another variable.
Each pointer has a valid data type.
A pointer is a symbolic representation of a memory address.
Pointers allow programs to simulate call-by-reference and create and manipulate dynamic data structures.
Arrays and pointers use a related concept.
The array name denotes the array’s base.
If you want to assign the address of an array to a pointer, don’t use an ampersand (&).
If there is no specific address to assign a pointer variable, assign it a NULL.

## SDL


install 
libsdl2dev

https://lazyfoo.net/tutorials/SDL/01_hello_SDL/index2.php

game loop

while game is running

we handle user input

update all objects

render changes to display

// now we will be using SDL image

add   SDL2_image to target libraries

https://lazyfoo.net/tutorials/SDL/02_getting_an_image_on_the_screen/index.php#:~:text=An%20SDL%20surface%20is%20just,it%20the%20easy%20way%20first.

An SDL surface is just an image data type that contains the pixels of an image along with all data needed to render it. SDL surfaces use software rendering which means it uses the CPU to render. It is possible to render hardware images but it's a bit more difficult so we're going to learn it the easy way first.

add to init

add to render

  SDL_RenderClear(renderer);
  SDL_RenderCopy(renderer, playerTex, NULL, NULL);
  SDL_RenderPresent(renderer);


  add rects to header


  framerate
  declare ints

  FPS = 60
  frameDelay = 1000 / FPS;

  sdl delay just sleeps
framedelay is how much we will sleep every iteration


